// Jest Snapshot v1, https://goo.gl/fbAQLP

exports[`Página de configuração Deve ser renderizada corretamente 1`] = `
<div>
  <form
    class="sc-bRKDuR dOjqJM"
    role="form"
  >
    <input
      placeholder="Insira os nomes dos participantes"
      type="text"
      value=""
    />
    <button
      disabled=""
    >
      Adicionar
    </button>
  </form>
  <ul
    role="listbox"
  />
  <footer
    class="sc-fhHczv jtiIRE"
  >
    <button
      disabled=""
    >
      <img
        alt=""
        src="/assets/Play.png"
      />
      <p>
        Iniciar brincadeira!
      </p>
    </button>
    <img
      alt=""
      src="/assets/Bags.png"
    />
  </footer>
</div>
`;
